Unity Editor version:    6000.1.3f1 (f34db9734971)
Branch:                  6000.1/staging
Build type:              Release
Batch mode:              YES
macOS version:           Version 15.5 (Build 24F74)
Darwin version:          24.5.0
Architecture:            arm64
Running under Rosetta:   NO
Available memory:        8192 MB
Date:                    2025-07-03T20:08:55Z
Using pre-set license
Pro License: YES

COMMAND LINE ARGUMENTS:
/Applications/Unity/Hub/Editor/6000.1.3f1/Unity.app/Contents/MacOS/Unity
-adb2
-batchMode
-noUpm
-name
AssetImportWorker0
-projectPath
/Users/jensheins/Unity Projekte/Maze Project
-logFile
Logs/AssetImportWorker0.log
-srvPort
53362
-job-worker-count
3
-background-job-worker-count
8
-gc-helper-count
1
-name AssetImport
Successfully changed project path to: /Users/jensheins/Unity Projekte/Maze Project
/Users/jensheins/Unity Projekte/Maze Project
[UnityMemory] Configuration Parameters - Can be set up in boot.config
    "memorysetup-allocator-temp-initial-block-size-main=262144"
    "memorysetup-allocator-temp-initial-block-size-worker=262144"
    "memorysetup-bucket-allocator-granularity=16"
    "memorysetup-bucket-allocator-bucket-count=8"
    "memorysetup-bucket-allocator-block-size=33554432"
    "memorysetup-bucket-allocator-block-count=8"
    "memorysetup-main-allocator-block-size=16777216"
    "memorysetup-thread-allocator-block-size=16777216"
    "memorysetup-gfx-main-allocator-block-size=16777216"
    "memorysetup-gfx-thread-allocator-block-size=16777216"
    "memorysetup-cache-allocator-block-size=4194304"
    "memorysetup-typetree-allocator-block-size=2097152"
    "memorysetup-profiler-bucket-allocator-granularity=16"
    "memorysetup-profiler-bucket-allocator-bucket-count=8"
    "memorysetup-profiler-bucket-allocator-block-size=33554432"
    "memorysetup-profiler-bucket-allocator-block-count=8"
    "memorysetup-profiler-allocator-block-size=16777216"
    "memorysetup-profiler-editor-allocator-block-size=1048576"
    "memorysetup-temp-allocator-size-main=16777216"
    "memorysetup-job-temp-allocator-block-size=2097152"
    "memorysetup-job-temp-allocator-block-size-background=1048576"
    "memorysetup-job-temp-allocator-reduction-small-platforms=262144"
    "memorysetup-temp-allocator-size-background-worker=32768"
    "memorysetup-temp-allocator-size-job-worker=262144"
    "memorysetup-temp-allocator-size-preload-manager=33554432"
    "memorysetup-temp-allocator-size-nav-mesh-worker=65536"
    "memorysetup-temp-allocator-size-audio-worker=65536"
    "memorysetup-temp-allocator-size-cloud-worker=32768"
    "memorysetup-temp-allocator-size-gi-baking-worker=262144"
    "memorysetup-temp-allocator-size-gi-baking-worker=262144"
    "memorysetup-temp-allocator-size-gi-baking-worker=262144"
    "memorysetup-temp-allocator-size-gi-baking-worker=262144"
    "memorysetup-temp-allocator-size-gi-baking-worker=262144"
    "memorysetup-temp-allocator-size-gfx=262144"
Player connection [8383373056]  Target information:

Player connection [8383373056]  * "[IP] 192.168.178.189 [Port] 0 [Flags] 2 [Guid] 200500301 [EditorId] 200500301 [Version] 1048832 [Id] OSXEditor(0,MacBookAir.fritz.box) [Debug] 1 [PackageName] OSXEditor [ProjectName] Editor" 

Player connection [8383373056] Host joined multi-casting on [225.0.0.222:54997]...
Player connection [8383373056] Host joined alternative multi-casting on [225.0.0.222:34997]...
JobSystem: Creating JobQueue using job-worker-count value 3
Input System module state changed to: Initialized.
[Physics::Module] Initialized fallback backend.
[Physics::Module] Id: 0xdecafbad
Library Redirect Path: Library/
[Physics::Module] Selected backend.
[Physics::Module] Name: PhysX
[Physics::Module] Id: 0xf2b8ea05
[Physics::Module] SDK Version: 4.1.2
[Physics::Module] Integration Version: 1.0.0
[Physics::Module] Threading Mode: Multi-Threaded
Refreshing native plugins compatible for Editor in 8.81 ms, found 2 plugins.
Preloading 0 native plugins for Editor in 0.00 ms.
Initialize engine version: 6000.1.3f1 (f34db9734971)
[Subsystems] Discovering subsystems at path /Applications/Unity/Hub/Editor/6000.1.3f1/Unity.app/Contents/Resources/UnitySubsystems
[Subsystems] Discovering subsystems at path /Users/jensheins/Unity Projekte/Maze Project/Assets
GfxDevice: creating device client; kGfxThreadingModeNonThreaded
 preferred device: Apple M1 (high power)
Metal devices available: 1
0: Apple M1 (high power)
Using device Apple M1 (high power)
Initializing Metal device caps: Apple M1
Initialize mono
Mono path[0] = '/Applications/Unity/Hub/Editor/6000.1.3f1/Unity.app/Contents/Managed'
Mono path[1] = '/Applications/Unity/Hub/Editor/6000.1.3f1/Unity.app/Contents/MonoBleedingEdge/lib/mono/unityjit-macos'
Mono config path = '/Applications/Unity/Hub/Editor/6000.1.3f1/Unity.app/Contents/MonoBleedingEdge/etc'
Using monoOptions --debugger-agent=transport=dt_socket,embedding=1,server=y,suspend=n,address=127.0.0.1:56897
Begin MonoManager ReloadAssembly
Registering precompiled unity dll's ...
Register platform support module: /Applications/Unity/Hub/Editor/6000.1.3f1/PlaybackEngines/WebGLSupport/UnityEditor.WebGL.Extensions.dll
Register platform support module: /Applications/Unity/Hub/Editor/6000.1.3f1/Unity.app/Contents/PlaybackEngines/MacStandaloneSupport/UnityEditor.OSXStandalone.Extensions.dll
Registered in 0.003539 seconds.
- Loaded All Assemblies, in  0.385 seconds
Native extension for OSXStandalone target not found
Native extension for WebGL target not found
Mono: successfully reloaded assembly
- Finished resetting the current domain, in  0.291 seconds
Domain Reload Profiling: 676ms
	BeginReloadAssembly (143ms)
		ExecutionOrderSort (0ms)
		DisableScriptedObjects (0ms)
		BackupInstance (0ms)
		ReleaseScriptingObjects (0ms)
		CreateAndSetChildDomain (1ms)
	RebuildCommonClasses (37ms)
	RebuildNativeTypeToScriptingClass (10ms)
	initialDomainReloadingComplete (47ms)
	LoadAllAssembliesAndSetupDomain (147ms)
		LoadAssemblies (143ms)
		RebuildTransferFunctionScriptingTraits (0ms)
		AnalyzeDomain (143ms)
			TypeCache.Refresh (141ms)
				TypeCache.ScanAssembly (128ms)
			BuildScriptInfoCaches (0ms)
			ResolveRequiredComponents (1ms)
	FinalizeReload (292ms)
		ReleaseScriptCaches (0ms)
		RebuildScriptCaches (0ms)
		SetupLoadedEditorAssemblies (255ms)
			LogAssemblyErrors (0ms)
			InitializePlatformSupportModulesInManaged (42ms)
			SetLoadedEditorAssemblies (3ms)
			BeforeProcessingInitializeOnLoad (50ms)
			ProcessInitializeOnLoadAttributes (99ms)
			ProcessInitializeOnLoadMethodAttributes (60ms)
			AfterProcessingInitializeOnLoad (0ms)
			EditorAssembliesLoaded (0ms)
		ExecutionOrderSort2 (0ms)
		AwakeInstancesAfterBackupRestoration (0ms)
========================================================================
Worker process is ready to serve import requests
Import Worker Mode flag is 0x00
Begin MonoManager ReloadAssembly
- Loaded All Assemblies, in  0.886 seconds
'Packages/com.unity.render-pipelines.high-definition/Editor/Wizard/HDWizard.UIElement.cs' contains partial class of Unity.Object, exactly 1 of the partial classes needs to be in a file with the same filename. This is to know the one that can be referenced from ie. GameObjects
'Packages/com.unity.render-pipelines.high-definition/Editor/Wizard/HDWizard.Configuration.cs' contains partial class of Unity.Object, exactly 1 of the partial classes needs to be in a file with the same filename. This is to know the one that can be referenced from ie. GameObjects
'Packages/com.unity.render-pipelines.high-definition/Editor/Wizard/HDWizard.Window.cs' contains partial class of Unity.Object, exactly 1 of the partial classes needs to be in a file with the same filename. This is to know the one that can be referenced from ie. GameObjects
Refreshing native plugins compatible for Editor in 0.27 ms, found 2 plugins.
Native extension for OSXStandalone target not found
Native extension for WebGL target not found
Mono: successfully reloaded assembly
- Finished resetting the current domain, in  1.014 seconds
Domain Reload Profiling: 1897ms
	BeginReloadAssembly (111ms)
		ExecutionOrderSort (0ms)
		DisableScriptedObjects (4ms)
		BackupInstance (0ms)
		ReleaseScriptingObjects (0ms)
		CreateAndSetChildDomain (35ms)
	RebuildCommonClasses (30ms)
	RebuildNativeTypeToScriptingClass (10ms)
	initialDomainReloadingComplete (24ms)
	LoadAllAssembliesAndSetupDomain (707ms)
		LoadAssemblies (405ms)
		RebuildTransferFunctionScriptingTraits (0ms)
		AnalyzeDomain (339ms)
			TypeCache.Refresh (249ms)
				TypeCache.ScanAssembly (213ms)
			BuildScriptInfoCaches (71ms)
			ResolveRequiredComponents (12ms)
	FinalizeReload (1015ms)
		ReleaseScriptCaches (0ms)
		RebuildScriptCaches (0ms)
		SetupLoadedEditorAssemblies (840ms)
			LogAssemblyErrors (0ms)
			InitializePlatformSupportModulesInManaged (2ms)
			SetLoadedEditorAssemblies (4ms)
			BeforeProcessingInitializeOnLoad (108ms)
			ProcessInitializeOnLoadAttributes (346ms)
			ProcessInitializeOnLoadMethodAttributes (379ms)
			AfterProcessingInitializeOnLoad (1ms)
			EditorAssembliesLoaded (0ms)
		ExecutionOrderSort2 (0ms)
		AwakeInstancesAfterBackupRestoration (4ms)
Launching external process: /Applications/Unity/Hub/Editor/6000.1.3f1/Unity.app/Contents/Tools/UnityShaderCompiler
Launched and connected shader compiler UnityShaderCompiler after 0.32 seconds
Refreshing native plugins compatible for Editor in 0.37 ms, found 2 plugins.
Preloading 0 native plugins for Editor in 0.00 ms.
Unloading 449 Unused Serialized files (Serialized files now loaded: 0)
Unloading 7082 unused Assets / (4.3 MB). Loaded Objects now: 8009.
Memory consumption went from 222.2 MB to 217.9 MB.
Total: 48.835041 ms (FindLiveObjects: 5.024291 ms CreateObjectMapping: 0.961459 ms MarkObjects: 36.443208 ms  DeleteObjects: 6.405375 ms)

========================================================================
Received Import Request.
  Time since last request: 423398.703200 seconds.
  path: Assets/Settings
  artifactKey: Guid(b912c280ff3334ce98f15a14956a3e5c) Importer(815301076,1909f56bfc062723c751e8b465ee728b)
Start importing Assets/Settings using Guid(b912c280ff3334ce98f15a14956a3e5c) Importer(815301076,1909f56bfc062723c751e8b465ee728b) (PreviewImporter) -> (artifact id: 'e33b9c885bb770f83e6ce145374458a2') in 0.016103958 seconds
Number of updated asset objects reloaded before import = 0Number of asset objects unloaded after import = 0

========================================================================
Received Prepare
'Packages/com.unity.render-pipelines.high-definition/Editor/Wizard/HDWizard.UIElement.cs' contains partial class of Unity.Object, exactly 1 of the partial classes needs to be in a file with the same filename. This is to know the one that can be referenced from ie. GameObjects
'Packages/com.unity.render-pipelines.high-definition/Editor/Wizard/HDWizard.Configuration.cs' contains partial class of Unity.Object, exactly 1 of the partial classes needs to be in a file with the same filename. This is to know the one that can be referenced from ie. GameObjects
'Packages/com.unity.render-pipelines.high-definition/Editor/Wizard/HDWizard.Window.cs' contains partial class of Unity.Object, exactly 1 of the partial classes needs to be in a file with the same filename. This is to know the one that can be referenced from ie. GameObjects
Refreshing native plugins compatible for Editor in 3.16 ms, found 2 plugins.
Preloading 0 native plugins for Editor in 0.00 ms.
Unloading 15 Unused Serialized files (Serialized files now loaded: 0)
Unloading 7074 unused Assets / (3.6 MB). Loaded Objects now: 8012.
Memory consumption went from 171.5 MB to 167.8 MB.
Total: 44.479208 ms (FindLiveObjects: 10.037125 ms CreateObjectMapping: 0.782625 ms MarkObjects: 25.096750 ms  DeleteObjects: 8.562250 ms)

Prepare: number of updated asset objects reloaded= 0
========================================================================
Received Prepare
Begin MonoManager ReloadAssembly
Thread 0x344287000 may have been prematurely finalized
- Loaded All Assemblies, in  0.858 seconds
'Packages/com.unity.render-pipelines.high-definition/Editor/Wizard/HDWizard.UIElement.cs' contains partial class of Unity.Object, exactly 1 of the partial classes needs to be in a file with the same filename. This is to know the one that can be referenced from ie. GameObjects
'Packages/com.unity.render-pipelines.high-definition/Editor/Wizard/HDWizard.Configuration.cs' contains partial class of Unity.Object, exactly 1 of the partial classes needs to be in a file with the same filename. This is to know the one that can be referenced from ie. GameObjects
'Packages/com.unity.render-pipelines.high-definition/Editor/Wizard/HDWizard.Window.cs' contains partial class of Unity.Object, exactly 1 of the partial classes needs to be in a file with the same filename. This is to know the one that can be referenced from ie. GameObjects
Refreshing native plugins compatible for Editor in 0.27 ms, found 2 plugins.
Native extension for OSXStandalone target not found
Native extension for WebGL target not found
Mono: successfully reloaded assembly
- Finished resetting the current domain, in  1.336 seconds
Domain Reload Profiling: 2200ms
	BeginReloadAssembly (260ms)
		ExecutionOrderSort (0ms)
		DisableScriptedObjects (7ms)
		BackupInstance (0ms)
		ReleaseScriptingObjects (1ms)
		CreateAndSetChildDomain (87ms)
	RebuildCommonClasses (31ms)
	RebuildNativeTypeToScriptingClass (10ms)
	initialDomainReloadingComplete (21ms)
	LoadAllAssembliesAndSetupDomain (541ms)
		LoadAssemblies (380ms)
		RebuildTransferFunctionScriptingTraits (0ms)
		AnalyzeDomain (249ms)
			TypeCache.Refresh (31ms)
				TypeCache.ScanAssembly (2ms)
			BuildScriptInfoCaches (200ms)
			ResolveRequiredComponents (10ms)
	FinalizeReload (1337ms)
		ReleaseScriptCaches (0ms)
		RebuildScriptCaches (0ms)
		SetupLoadedEditorAssemblies (915ms)
			LogAssemblyErrors (1ms)
			InitializePlatformSupportModulesInManaged (12ms)
			SetLoadedEditorAssemblies (31ms)
			BeforeProcessingInitializeOnLoad (293ms)
			ProcessInitializeOnLoadAttributes (503ms)
			ProcessInitializeOnLoadMethodAttributes (73ms)
			AfterProcessingInitializeOnLoad (1ms)
			EditorAssembliesLoaded (1ms)
		ExecutionOrderSort2 (0ms)
		AwakeInstancesAfterBackupRestoration (15ms)
Refreshing native plugins compatible for Editor in 0.38 ms, found 2 plugins.
Preloading 0 native plugins for Editor in 0.00 ms.
Unloading 34 Unused Serialized files (Serialized files now loaded: 0)
Unloading 7081 unused Assets / (4.2 MB). Loaded Objects now: 8039.
Memory consumption went from 194.0 MB to 189.7 MB.
Total: 16.758875 ms (FindLiveObjects: 2.800792 ms CreateObjectMapping: 0.723958 ms MarkObjects: 8.981750 ms  DeleteObjects: 4.252000 ms)

Prepare: number of updated asset objects reloaded= 0
========================================================================
Received Import Request.
  Time since last request: 25.228260 seconds.
  path: Assets/Scripts/NewMonoBehaviourScript.cs
  artifactKey: Guid(c230b89e8bab44fc89f33a210a88d004) Importer(815301076,1909f56bfc062723c751e8b465ee728b)
Start importing Assets/Scripts/NewMonoBehaviourScript.cs using Guid(c230b89e8bab44fc89f33a210a88d004) Importer(815301076,1909f56bfc062723c751e8b465ee728b) (PreviewImporter) -> (artifact id: '720c1e6b375be1a66072614e04fa2b36') in 0.008150209 seconds
Number of updated asset objects reloaded before import = 0Number of asset objects unloaded after import = 0

========================================================================
Received Prepare
'Packages/com.unity.render-pipelines.high-definition/Editor/Wizard/HDWizard.UIElement.cs' contains partial class of Unity.Object, exactly 1 of the partial classes needs to be in a file with the same filename. This is to know the one that can be referenced from ie. GameObjects
'Packages/com.unity.render-pipelines.high-definition/Editor/Wizard/HDWizard.Configuration.cs' contains partial class of Unity.Object, exactly 1 of the partial classes needs to be in a file with the same filename. This is to know the one that can be referenced from ie. GameObjects
'Packages/com.unity.render-pipelines.high-definition/Editor/Wizard/HDWizard.Window.cs' contains partial class of Unity.Object, exactly 1 of the partial classes needs to be in a file with the same filename. This is to know the one that can be referenced from ie. GameObjects
Refreshing native plugins compatible for Editor in 0.39 ms, found 2 plugins.
Preloading 0 native plugins for Editor in 0.00 ms.
Unloading 15 Unused Serialized files (Serialized files now loaded: 0)
Unloading 7074 unused Assets / (4.6 MB). Loaded Objects now: 8039.
Memory consumption went from 183.4 MB to 178.8 MB.
Total: 55.203250 ms (FindLiveObjects: 17.108333 ms CreateObjectMapping: 0.709417 ms MarkObjects: 30.195250 ms  DeleteObjects: 7.189708 ms)

Prepare: number of updated asset objects reloaded= 0
========================================================================
Received Import Request.
  Time since last request: 13.260921 seconds.
  path: Assets/Scripts/MazeLoader.cs
  artifactKey: Guid(c230b89e8bab44fc89f33a210a88d004) Importer(815301076,1909f56bfc062723c751e8b465ee728b)
Start importing Assets/Scripts/MazeLoader.cs using Guid(c230b89e8bab44fc89f33a210a88d004) Importer(815301076,1909f56bfc062723c751e8b465ee728b) (PreviewImporter) -> (artifact id: '3c504226da88eecdbdf8087ade4fe55d') in 0.008833209 seconds
Number of updated asset objects reloaded before import = 0Number of asset objects unloaded after import = 0

========================================================================
Received Prepare
Begin MonoManager ReloadAssembly
Thread 0x16ba57000 may have been prematurely finalized
- Loaded All Assemblies, in  0.673 seconds
'Packages/com.unity.render-pipelines.high-definition/Editor/Wizard/HDWizard.UIElement.cs' contains partial class of Unity.Object, exactly 1 of the partial classes needs to be in a file with the same filename. This is to know the one that can be referenced from ie. GameObjects
'Packages/com.unity.render-pipelines.high-definition/Editor/Wizard/HDWizard.Configuration.cs' contains partial class of Unity.Object, exactly 1 of the partial classes needs to be in a file with the same filename. This is to know the one that can be referenced from ie. GameObjects
'Packages/com.unity.render-pipelines.high-definition/Editor/Wizard/HDWizard.Window.cs' contains partial class of Unity.Object, exactly 1 of the partial classes needs to be in a file with the same filename. This is to know the one that can be referenced from ie. GameObjects
Refreshing native plugins compatible for Editor in 0.26 ms, found 2 plugins.
Native extension for OSXStandalone target not found
Native extension for WebGL target not found
Mono: successfully reloaded assembly
- Finished resetting the current domain, in  1.025 seconds
Domain Reload Profiling: 1701ms
	BeginReloadAssembly (209ms)
		ExecutionOrderSort (0ms)
		DisableScriptedObjects (6ms)
		BackupInstance (0ms)
		ReleaseScriptingObjects (1ms)
		CreateAndSetChildDomain (82ms)
	RebuildCommonClasses (31ms)
	RebuildNativeTypeToScriptingClass (10ms)
	initialDomainReloadingComplete (16ms)
	LoadAllAssembliesAndSetupDomain (410ms)
		LoadAssemblies (257ms)
		RebuildTransferFunctionScriptingTraits (0ms)
		AnalyzeDomain (201ms)
			TypeCache.Refresh (24ms)
				TypeCache.ScanAssembly (0ms)
			BuildScriptInfoCaches (164ms)
			ResolveRequiredComponents (9ms)
	FinalizeReload (1025ms)
		ReleaseScriptCaches (0ms)
		RebuildScriptCaches (0ms)
		SetupLoadedEditorAssemblies (820ms)
			LogAssemblyErrors (1ms)
			InitializePlatformSupportModulesInManaged (6ms)
			SetLoadedEditorAssemblies (20ms)
			BeforeProcessingInitializeOnLoad (333ms)
			ProcessInitializeOnLoadAttributes (383ms)
			ProcessInitializeOnLoadMethodAttributes (72ms)
			AfterProcessingInitializeOnLoad (3ms)
			EditorAssembliesLoaded (2ms)
		ExecutionOrderSort2 (0ms)
		AwakeInstancesAfterBackupRestoration (14ms)
Refreshing native plugins compatible for Editor in 3.24 ms, found 2 plugins.
Preloading 0 native plugins for Editor in 0.00 ms.
Unloading 15 Unused Serialized files (Serialized files now loaded: 0)
Unloading 7081 unused Assets / (3.0 MB). Loaded Objects now: 8041.
Memory consumption went from 190.2 MB to 187.2 MB.
Total: 15.251875 ms (FindLiveObjects: 6.401166 ms CreateObjectMapping: 0.494125 ms MarkObjects: 6.173917 ms  DeleteObjects: 2.181709 ms)

Prepare: number of updated asset objects reloaded= 0
========================================================================
Received Prepare
Begin MonoManager ReloadAssembly
Thread 0x16ba57000 may have been prematurely finalized
- Loaded All Assemblies, in  0.775 seconds
'Packages/com.unity.render-pipelines.high-definition/Editor/Wizard/HDWizard.UIElement.cs' contains partial class of Unity.Object, exactly 1 of the partial classes needs to be in a file with the same filename. This is to know the one that can be referenced from ie. GameObjects
'Packages/com.unity.render-pipelines.high-definition/Editor/Wizard/HDWizard.Configuration.cs' contains partial class of Unity.Object, exactly 1 of the partial classes needs to be in a file with the same filename. This is to know the one that can be referenced from ie. GameObjects
'Packages/com.unity.render-pipelines.high-definition/Editor/Wizard/HDWizard.Window.cs' contains partial class of Unity.Object, exactly 1 of the partial classes needs to be in a file with the same filename. This is to know the one that can be referenced from ie. GameObjects
Refreshing native plugins compatible for Editor in 0.35 ms, found 2 plugins.
Native extension for OSXStandalone target not found
Native extension for WebGL target not found
Mono: successfully reloaded assembly
- Finished resetting the current domain, in  0.949 seconds
Domain Reload Profiling: 1728ms
	BeginReloadAssembly (247ms)
		ExecutionOrderSort (0ms)
		DisableScriptedObjects (10ms)
		BackupInstance (0ms)
		ReleaseScriptingObjects (1ms)
		CreateAndSetChildDomain (91ms)
	RebuildCommonClasses (30ms)
	RebuildNativeTypeToScriptingClass (11ms)
	initialDomainReloadingComplete (20ms)
	LoadAllAssembliesAndSetupDomain (470ms)
		LoadAssemblies (316ms)
		RebuildTransferFunctionScriptingTraits (0ms)
		AnalyzeDomain (221ms)
			TypeCache.Refresh (29ms)
				TypeCache.ScanAssembly (0ms)
			BuildScriptInfoCaches (179ms)
			ResolveRequiredComponents (8ms)
	FinalizeReload (950ms)
		ReleaseScriptCaches (0ms)
		RebuildScriptCaches (0ms)
		SetupLoadedEditorAssemblies (557ms)
			LogAssemblyErrors (1ms)
			InitializePlatformSupportModulesInManaged (7ms)
			SetLoadedEditorAssemblies (9ms)
			BeforeProcessingInitializeOnLoad (150ms)
			ProcessInitializeOnLoadAttributes (341ms)
			ProcessInitializeOnLoadMethodAttributes (47ms)
			AfterProcessingInitializeOnLoad (1ms)
			EditorAssembliesLoaded (1ms)
		ExecutionOrderSort2 (0ms)
		AwakeInstancesAfterBackupRestoration (10ms)
Refreshing native plugins compatible for Editor in 1.39 ms, found 2 plugins.
Preloading 0 native plugins for Editor in 0.00 ms.
Unloading 15 Unused Serialized files (Serialized files now loaded: 0)
Unloading 7081 unused Assets / (4.6 MB). Loaded Objects now: 8043.
Memory consumption went from 190.2 MB to 185.6 MB.
Total: 11.447708 ms (FindLiveObjects: 2.555083 ms CreateObjectMapping: 0.566209 ms MarkObjects: 6.247708 ms  DeleteObjects: 2.077750 ms)

Prepare: number of updated asset objects reloaded= 0
========================================================================
Received Import Request.
  Time since last request: 94.490289 seconds.
  path: Assets/Scripts/MazeLoader.cs
  artifactKey: Guid(c230b89e8bab44fc89f33a210a88d004) Importer(815301076,1909f56bfc062723c751e8b465ee728b)
Start importing Assets/Scripts/MazeLoader.cs using Guid(c230b89e8bab44fc89f33a210a88d004) Importer(815301076,1909f56bfc062723c751e8b465ee728b) (PreviewImporter) -> (artifact id: 'a5b3b4751c4daf145e18c79b12d76a0b') in 0.013295666 seconds
Number of updated asset objects reloaded before import = 0Number of asset objects unloaded after import = 0

========================================================================
Received Import Request.
  Time since last request: 1168.163121 seconds.
  path: Assets/Materials
  artifactKey: Guid(9a24bfab5f4ef47e088a47dcb0b8182b) Importer(815301076,1909f56bfc062723c751e8b465ee728b)
Start importing Assets/Materials using Guid(9a24bfab5f4ef47e088a47dcb0b8182b) Importer(815301076,1909f56bfc062723c751e8b465ee728b) (PreviewImporter) -> (artifact id: '573ce47ab11930284e13e661ee94ce0a') in 0.046488458 seconds
Number of updated asset objects reloaded before import = 0Number of asset objects unloaded after import = 0

========================================================================
Received Import Request.
  Time since last request: 137.303801 seconds.
  path: Assets/TutorialInfo/Icons/HDRP.png
  artifactKey: Guid(d19680cd422524695938fbe55cc3b3bd) Importer(815301076,1909f56bfc062723c751e8b465ee728b)
Start importing Assets/TutorialInfo/Icons/HDRP.png using Guid(d19680cd422524695938fbe55cc3b3bd) Importer(815301076,1909f56bfc062723c751e8b465ee728b) (PreviewImporter) -> (artifact id: 'f7da05706f8aa34f6e59418c435f8692') in 0.948507458 seconds
Number of updated asset objects reloaded before import = 0Number of asset objects unloaded after import = 2

========================================================================
Received Prepare
Begin MonoManager ReloadAssembly
Thread 0x16ba57000 may have been prematurely finalized
- Loaded All Assemblies, in  1.837 seconds
'Packages/com.unity.render-pipelines.high-definition/Editor/Wizard/HDWizard.UIElement.cs' contains partial class of Unity.Object, exactly 1 of the partial classes needs to be in a file with the same filename. This is to know the one that can be referenced from ie. GameObjects
'Packages/com.unity.render-pipelines.high-definition/Editor/Wizard/HDWizard.Configuration.cs' contains partial class of Unity.Object, exactly 1 of the partial classes needs to be in a file with the same filename. This is to know the one that can be referenced from ie. GameObjects
'Packages/com.unity.render-pipelines.high-definition/Editor/Wizard/HDWizard.Window.cs' contains partial class of Unity.Object, exactly 1 of the partial classes needs to be in a file with the same filename. This is to know the one that can be referenced from ie. GameObjects
Refreshing native plugins compatible for Editor in 3.12 ms, found 2 plugins.
Native extension for OSXStandalone target not found
Native extension for WebGL target not found
Mono: successfully reloaded assembly
- Finished resetting the current domain, in  0.807 seconds
Domain Reload Profiling: 2652ms
	BeginReloadAssembly (810ms)
		ExecutionOrderSort (1ms)
		DisableScriptedObjects (47ms)
		BackupInstance (0ms)
		ReleaseScriptingObjects (2ms)
		CreateAndSetChildDomain (222ms)
	RebuildCommonClasses (31ms)
	RebuildNativeTypeToScriptingClass (11ms)
	initialDomainReloadingComplete (23ms)
	LoadAllAssembliesAndSetupDomain (969ms)
		LoadAssemblies (646ms)
		RebuildTransferFunctionScriptingTraits (0ms)
		AnalyzeDomain (627ms)
			TypeCache.Refresh (31ms)
				TypeCache.ScanAssembly (0ms)
			BuildScriptInfoCaches (563ms)
			ResolveRequiredComponents (13ms)
	FinalizeReload (808ms)
		ReleaseScriptCaches (0ms)
		RebuildScriptCaches (0ms)
		SetupLoadedEditorAssemblies (607ms)
			LogAssemblyErrors (0ms)
			InitializePlatformSupportModulesInManaged (12ms)
			SetLoadedEditorAssemblies (7ms)
			BeforeProcessingInitializeOnLoad (162ms)
			ProcessInitializeOnLoadAttributes (375ms)
			ProcessInitializeOnLoadMethodAttributes (50ms)
			AfterProcessingInitializeOnLoad (1ms)
			EditorAssembliesLoaded (0ms)
		ExecutionOrderSort2 (0ms)
		AwakeInstancesAfterBackupRestoration (12ms)
Refreshing native plugins compatible for Editor in 0.28 ms, found 2 plugins.
Preloading 0 native plugins for Editor in 0.00 ms.
Unloading 15 Unused Serialized files (Serialized files now loaded: 0)
Unloading 7082 unused Assets / (4.0 MB). Loaded Objects now: 8049.
Memory consumption went from 190.4 MB to 186.3 MB.
Total: 7.823750 ms (FindLiveObjects: 0.840417 ms CreateObjectMapping: 0.494166 ms MarkObjects: 4.757709 ms  DeleteObjects: 1.731083 ms)

Prepare: number of updated asset objects reloaded= 0
========================================================================
Received Import Request.
  Time since last request: 3210.010720 seconds.
  path: Assets/Phoenix3D/Demo
  artifactKey: Guid(62daba834cddad04f9856c1762d1eee7) Importer(815301076,1909f56bfc062723c751e8b465ee728b)
Start importing Assets/Phoenix3D/Demo using Guid(62daba834cddad04f9856c1762d1eee7) Importer(815301076,1909f56bfc062723c751e8b465ee728b) (PreviewImporter) -> (artifact id: 'c18647dcac33301c74df311e3cb782c0') in 0.015678375 seconds
Number of updated asset objects reloaded before import = 0Number of asset objects unloaded after import = 0

========================================================================
Received Import Request.
  Time since last request: 0.250901 seconds.
  path: Assets/Phoenix3D/Materials
  artifactKey: Guid(925f1c26ecf295c4d835010db7d048af) Importer(815301076,1909f56bfc062723c751e8b465ee728b)
Start importing Assets/Phoenix3D/Materials using Guid(925f1c26ecf295c4d835010db7d048af) Importer(815301076,1909f56bfc062723c751e8b465ee728b) (PreviewImporter) -> (artifact id: '5c8b8ff569a11ec181c18dad790d6278') in 0.000588041 seconds
Number of updated asset objects reloaded before import = 0Number of asset objects unloaded after import = 0

========================================================================
Received Import Request.
  Time since last request: 4.381463 seconds.
  path: Assets/Phoenix3D/Readme.pdf
  artifactKey: Guid(805fd4a979cc23543b50b17a834cc506) Importer(815301076,1909f56bfc062723c751e8b465ee728b)
Start importing Assets/Phoenix3D/Readme.pdf using Guid(805fd4a979cc23543b50b17a834cc506) Importer(815301076,1909f56bfc062723c751e8b465ee728b) (PreviewImporter) -> (artifact id: '5662a21fe67436bdc4a01d0e54ad3762') in 0.0458245 seconds
Number of updated asset objects reloaded before import = 0Number of asset objects unloaded after import = 1

========================================================================
Received Import Request.
  Time since last request: 1025.507762 seconds.
  path: Assets/Phoenix3D/Textures/Outdoor_Wall_T01
  artifactKey: Guid(48b7de4f7678d634bbfed055272d2415) Importer(815301076,1909f56bfc062723c751e8b465ee728b)
Start importing Assets/Phoenix3D/Textures/Outdoor_Wall_T01 using Guid(48b7de4f7678d634bbfed055272d2415) Importer(815301076,1909f56bfc062723c751e8b465ee728b) (PreviewImporter) -> (artifact id: 'b1fa55871d532a561b865498b360cb99') in 0.016194333 seconds
Number of updated asset objects reloaded before import = 0Number of asset objects unloaded after import = 0

========================================================================
Received Import Request.
  Time since last request: 1.961562 seconds.
  path: Assets/Phoenix3D/Textures/Outdoor_Wall_T02
  artifactKey: Guid(27b031f6e27c5eb459ba9d939de26961) Importer(815301076,1909f56bfc062723c751e8b465ee728b)
Start importing Assets/Phoenix3D/Textures/Outdoor_Wall_T02 using Guid(27b031f6e27c5eb459ba9d939de26961) Importer(815301076,1909f56bfc062723c751e8b465ee728b) (PreviewImporter) -> (artifact id: 'f4abf2f20ba2bb03ffbd30c7a2f6b683') in 0.001934292 seconds
Number of updated asset objects reloaded before import = 0Number of asset objects unloaded after import = 0

========================================================================
Received Import Request.
  Time since last request: 2.296409 seconds.
  path: Assets/Phoenix3D/Textures/Outdoor_Wall_T01/Outdoor_Wall_T01_Ambient_occlusion.png
  artifactKey: Guid(68e48c0a4f7aa8d4aae3756f35dfad22) Importer(815301076,1909f56bfc062723c751e8b465ee728b)
Start importing Assets/Phoenix3D/Textures/Outdoor_Wall_T01/Outdoor_Wall_T01_Ambient_occlusion.png using Guid(68e48c0a4f7aa8d4aae3756f35dfad22) Importer(815301076,1909f56bfc062723c751e8b465ee728b) (PreviewImporter) -> (artifact id: '1932db946c738ad34d31d9f2bd11a016') in 0.285406625 seconds
Number of updated asset objects reloaded before import = 0Number of asset objects unloaded after import = 2

========================================================================
Received Import Request.
  Time since last request: 1.389471 seconds.
  path: Assets/Phoenix3D/Textures/Outdoor_Wall_T01/Outdoor_Wall_T01_Base_Color.png
  artifactKey: Guid(3750a2c998f3a8e4e9c978e6b1e2da93) Importer(815301076,1909f56bfc062723c751e8b465ee728b)
Start importing Assets/Phoenix3D/Textures/Outdoor_Wall_T01/Outdoor_Wall_T01_Base_Color.png using Guid(3750a2c998f3a8e4e9c978e6b1e2da93) Importer(815301076,1909f56bfc062723c751e8b465ee728b) (PreviewImporter) -> (artifact id: '2cc32b21d7de6c87dbb0a144e8e55807') in 0.012712625 seconds
Number of updated asset objects reloaded before import = 0Number of asset objects unloaded after import = 2

========================================================================
Received Import Request.
  Time since last request: 0.421213 seconds.
  path: Assets/Phoenix3D/Textures/Outdoor_Wall_T01/Outdoor_Wall_T01_Height.png
  artifactKey: Guid(d345008fd77998b4aa64aff436270f70) Importer(815301076,1909f56bfc062723c751e8b465ee728b)
Start importing Assets/Phoenix3D/Textures/Outdoor_Wall_T01/Outdoor_Wall_T01_Height.png using Guid(d345008fd77998b4aa64aff436270f70) Importer(815301076,1909f56bfc062723c751e8b465ee728b) (PreviewImporter) -> (artifact id: '25f0b1a62155f46b420a8f795ee8166e') in 0.00718575 seconds
Number of updated asset objects reloaded before import = 0Number of asset objects unloaded after import = 2

========================================================================
Received Import Request.
  Time since last request: 0.387798 seconds.
  path: Assets/Phoenix3D/Textures/Outdoor_Wall_T01/Outdoor_Wall_T01_MaskMap.png
  artifactKey: Guid(632b3990e4db9ce4d996f1934a3dac53) Importer(815301076,1909f56bfc062723c751e8b465ee728b)
Start importing Assets/Phoenix3D/Textures/Outdoor_Wall_T01/Outdoor_Wall_T01_MaskMap.png using Guid(632b3990e4db9ce4d996f1934a3dac53) Importer(815301076,1909f56bfc062723c751e8b465ee728b) (PreviewImporter) -> (artifact id: '00de00c923ddb0b0f1909da046e0a41f') in 0.007036625 seconds
Number of updated asset objects reloaded before import = 0Number of asset objects unloaded after import = 2

========================================================================
Received Import Request.
  Time since last request: 0.427576 seconds.
  path: Assets/Phoenix3D/Textures/Outdoor_Wall_T01/Outdoor_Wall_T01_Normal_DirectX.png
  artifactKey: Guid(bd13c0517fe60344797510fc724775db) Importer(815301076,1909f56bfc062723c751e8b465ee728b)
Start importing Assets/Phoenix3D/Textures/Outdoor_Wall_T01/Outdoor_Wall_T01_Normal_DirectX.png using Guid(bd13c0517fe60344797510fc724775db) Importer(815301076,1909f56bfc062723c751e8b465ee728b) (PreviewImporter) -> (artifact id: 'b68e6d34ff17d1628aed19963a6b2a11') in 0.33228775 seconds
Number of updated asset objects reloaded before import = 0Number of asset objects unloaded after import = 2

========================================================================
Received Import Request.
  Time since last request: 0.000043 seconds.
  path: Assets/Phoenix3D/Textures/Outdoor_Wall_T01/Outdoor_Wall_T01_Roughness.png
  artifactKey: Guid(6c5b1672c262f4440b8d569faa7a872e) Importer(815301076,1909f56bfc062723c751e8b465ee728b)
Start importing Assets/Phoenix3D/Textures/Outdoor_Wall_T01/Outdoor_Wall_T01_Roughness.png using Guid(6c5b1672c262f4440b8d569faa7a872e) Importer(815301076,1909f56bfc062723c751e8b465ee728b) (PreviewImporter) -> (artifact id: '61e52745f27fea289de743e164e2c8a5') in 0.013513958 seconds
Number of updated asset objects reloaded before import = 0Number of asset objects unloaded after import = 2

========================================================================
Received Import Request.
  Time since last request: 10.281619 seconds.
  path: Assets/Phoenix3D/Textures/Outdoor_Wall_T02/Outdoor_Wall_T02_Height.png
  artifactKey: Guid(35abc18c563d9974c90d785c091801fc) Importer(815301076,1909f56bfc062723c751e8b465ee728b)
Start importing Assets/Phoenix3D/Textures/Outdoor_Wall_T02/Outdoor_Wall_T02_Height.png using Guid(35abc18c563d9974c90d785c091801fc) Importer(815301076,1909f56bfc062723c751e8b465ee728b) (PreviewImporter) -> (artifact id: 'e2152b34513ce46a77493590c2946805') in 0.009013125 seconds
Number of updated asset objects reloaded before import = 0Number of asset objects unloaded after import = 2

========================================================================
Received Import Request.
  Time since last request: 0.501175 seconds.
  path: Assets/Phoenix3D/Textures/Outdoor_Wall_T02/Outdoor_Wall_T02_Base_Color.png
  artifactKey: Guid(4d41c2da8f6fac34d94b42664e0be34a) Importer(815301076,1909f56bfc062723c751e8b465ee728b)
Start importing Assets/Phoenix3D/Textures/Outdoor_Wall_T02/Outdoor_Wall_T02_Base_Color.png using Guid(4d41c2da8f6fac34d94b42664e0be34a) Importer(815301076,1909f56bfc062723c751e8b465ee728b) (PreviewImporter) -> (artifact id: 'b590628ea894597046c5764e0e659bfb') in 0.00665175 seconds
Number of updated asset objects reloaded before import = 0Number of asset objects unloaded after import = 2

========================================================================
Received Import Request.
  Time since last request: 0.908827 seconds.
  path: Assets/Phoenix3D/Textures/Outdoor_Wall_T02/Outdoor_Wall_T02_Ambient_occlusion.png
  artifactKey: Guid(1c1a268700b5d394c9ceea7b8d8b7041) Importer(815301076,1909f56bfc062723c751e8b465ee728b)
Start importing Assets/Phoenix3D/Textures/Outdoor_Wall_T02/Outdoor_Wall_T02_Ambient_occlusion.png using Guid(1c1a268700b5d394c9ceea7b8d8b7041) Importer(815301076,1909f56bfc062723c751e8b465ee728b) (PreviewImporter) -> (artifact id: '10dde4a22f2f92abf7756ea94432acf6') in 0.006868333 seconds
Number of updated asset objects reloaded before import = 0Number of asset objects unloaded after import = 2

========================================================================
Received Import Request.
  Time since last request: 3.345723 seconds.
  path: Assets/Phoenix3D/Textures/Outdoor_Wall_T03/Outdoor_Wall_T03_Normal_DirectX.png
  artifactKey: Guid(1222710ff14552e48b2bb2187fee79ef) Importer(815301076,1909f56bfc062723c751e8b465ee728b)
Start importing Assets/Phoenix3D/Textures/Outdoor_Wall_T03/Outdoor_Wall_T03_Normal_DirectX.png using Guid(1222710ff14552e48b2bb2187fee79ef) Importer(815301076,1909f56bfc062723c751e8b465ee728b) (PreviewImporter) -> (artifact id: '6f9ccee58e32e60a161f276a948e5bba') in 0.008394333 seconds
Number of updated asset objects reloaded before import = 0Number of asset objects unloaded after import = 2

========================================================================
Received Import Request.
  Time since last request: 0.484404 seconds.
  path: Assets/Phoenix3D/Textures/Outdoor_Wall_T03/Outdoor_Wall_T03_Roughness.png
  artifactKey: Guid(4530efe8a35bc954e9a347c1627e2bee) Importer(815301076,1909f56bfc062723c751e8b465ee728b)
Start importing Assets/Phoenix3D/Textures/Outdoor_Wall_T03/Outdoor_Wall_T03_Roughness.png using Guid(4530efe8a35bc954e9a347c1627e2bee) Importer(815301076,1909f56bfc062723c751e8b465ee728b) (PreviewImporter) -> (artifact id: '006af9d7025dfc164ceda616756330c6') in 0.005930292 seconds
Number of updated asset objects reloaded before import = 0Number of asset objects unloaded after import = 2

========================================================================
Received Import Request.
  Time since last request: 1.000742 seconds.
  path: Assets/Phoenix3D/Textures/Outdoor_Wall_T03/Outdoor_Wall_T03_Height.png
  artifactKey: Guid(3d74eca1ef7e97d4f83dd177ead1360e) Importer(815301076,1909f56bfc062723c751e8b465ee728b)
Start importing Assets/Phoenix3D/Textures/Outdoor_Wall_T03/Outdoor_Wall_T03_Height.png using Guid(3d74eca1ef7e97d4f83dd177ead1360e) Importer(815301076,1909f56bfc062723c751e8b465ee728b) (PreviewImporter) -> (artifact id: '6fd16d7eb8ac1f766fdc7bfd6dae5335') in 0.007165792 seconds
Number of updated asset objects reloaded before import = 0Number of asset objects unloaded after import = 2

========================================================================
Received Import Request.
  Time since last request: 0.454698 seconds.
  path: Assets/Phoenix3D/Textures/Outdoor_Wall_T03/Outdoor_Wall_T03_Base_Color.png
  artifactKey: Guid(6c96e8702ae62564e8ccd06aee9e1334) Importer(815301076,1909f56bfc062723c751e8b465ee728b)
Start importing Assets/Phoenix3D/Textures/Outdoor_Wall_T03/Outdoor_Wall_T03_Base_Color.png using Guid(6c96e8702ae62564e8ccd06aee9e1334) Importer(815301076,1909f56bfc062723c751e8b465ee728b) (PreviewImporter) -> (artifact id: 'f49209fd6d754b5bb1eaecfde4eef274') in 0.007068833 seconds
Number of updated asset objects reloaded before import = 0Number of asset objects unloaded after import = 2

========================================================================
Received Import Request.
  Time since last request: 1.240419 seconds.
  path: Assets/Phoenix3D/Textures/Outdoor_Wall_T03/Outdoor_Wall_T03_Ambient_occlusion.png
  artifactKey: Guid(8f6cc1114ecd6a94ba47f5eb6e78dd54) Importer(815301076,1909f56bfc062723c751e8b465ee728b)
Start importing Assets/Phoenix3D/Textures/Outdoor_Wall_T03/Outdoor_Wall_T03_Ambient_occlusion.png using Guid(8f6cc1114ecd6a94ba47f5eb6e78dd54) Importer(815301076,1909f56bfc062723c751e8b465ee728b) (PreviewImporter) -> (artifact id: 'ad51a214037793ec4c0ac9f3c74eb665') in 0.007733708 seconds
Number of updated asset objects reloaded before import = 0Number of asset objects unloaded after import = 2

========================================================================
Received Import Request.
  Time since last request: 21.954416 seconds.
  path: Assets/Phoenix3D/Demo/HDRP_Settings
  artifactKey: Guid(fe138a1cef03a4b4697bf91384514541) Importer(815301076,1909f56bfc062723c751e8b465ee728b)
Start importing Assets/Phoenix3D/Demo/HDRP_Settings using Guid(fe138a1cef03a4b4697bf91384514541) Importer(815301076,1909f56bfc062723c751e8b465ee728b) (PreviewImporter) -> (artifact id: '16166653623e65a170218af1ff21ce8f') in 0.0051915 seconds
Number of updated asset objects reloaded before import = 0Number of asset objects unloaded after import = 0

========================================================================
Received Import Request.
  Time since last request: 0.784260 seconds.
  path: Assets/Phoenix3D/Demo/Prefabs
  artifactKey: Guid(99411e29273442d48b68a7cf52803683) Importer(815301076,1909f56bfc062723c751e8b465ee728b)
Start importing Assets/Phoenix3D/Demo/Prefabs using Guid(99411e29273442d48b68a7cf52803683) Importer(815301076,1909f56bfc062723c751e8b465ee728b) (PreviewImporter) -> (artifact id: '958782da4d880fac6034cba6387b34be') in 0.000764666 seconds
Number of updated asset objects reloaded before import = 0Number of asset objects unloaded after import = 0

========================================================================
Received Import Request.
  Time since last request: 1.634264 seconds.
  path: Assets/Phoenix3D/Demo/Prefabs/CanvasChangeMaterials.prefab
  artifactKey: Guid(448ec7f781dafb34c85eaf1cda7bb925) Importer(815301076,1909f56bfc062723c751e8b465ee728b)
Start importing Assets/Phoenix3D/Demo/Prefabs/CanvasChangeMaterials.prefab using Guid(448ec7f781dafb34c85eaf1cda7bb925) Importer(815301076,1909f56bfc062723c751e8b465ee728b) (PreviewImporter) -> (artifact id: '6df4a103635e748bf107e8cbb4eb2208') in 0.077221375 seconds
Number of updated asset objects reloaded before import = 0Number of asset objects unloaded after import = 52

========================================================================
Received Import Request.
  Time since last request: 1.298921 seconds.
  path: Assets/Phoenix3D/Demo/Prefabs/3DSample_Preview_Outdoor 1.prefab
  artifactKey: Guid(78949b277db20b3458ef867959f243d6) Importer(815301076,1909f56bfc062723c751e8b465ee728b)
Start importing Assets/Phoenix3D/Demo/Prefabs/3DSample_Preview_Outdoor 1.prefab using Guid(78949b277db20b3458ef867959f243d6) Importer(815301076,1909f56bfc062723c751e8b465ee728b) (PreviewImporter)Launching external process: /Applications/Unity/Hub/Editor/6000.1.3f1/Unity.app/Contents/Tools/UnityShaderCompiler
Launched and connected shader compiler UnityShaderCompiler after 0.41 seconds
 -> (artifact id: '5186175e7f0d344eb2f7f248558212f8') in 19.972442834 seconds
Number of updated asset objects reloaded before import = 0Number of asset objects unloaded after import = 36

========================================================================
Received Import Request.
  Time since last request: 708.068825 seconds.
  path: Assets/maze.txt
  artifactKey: Guid(8b0bc33641ba44a81addcaff83c13c68) Importer(815301076,1909f56bfc062723c751e8b465ee728b)
Start importing Assets/maze.txt using Guid(8b0bc33641ba44a81addcaff83c13c68) Importer(815301076,1909f56bfc062723c751e8b465ee728b) (PreviewImporter) -> (artifact id: '4256ceafc17a6f2f2c8404504ca59c9c') in 0.032979084 seconds
Number of updated asset objects reloaded before import = 0Number of asset objects unloaded after import = 1

========================================================================
Received Import Request.
  Time since last request: 16.575861 seconds.
  path: Assets/Prefabs
  artifactKey: Guid(6c313ec13a0284b47ac0fac49121328a) Importer(815301076,1909f56bfc062723c751e8b465ee728b)
Start importing Assets/Prefabs using Guid(6c313ec13a0284b47ac0fac49121328a) Importer(815301076,1909f56bfc062723c751e8b465ee728b) (PreviewImporter) -> (artifact id: 'c830bfaf6561ad300661374a0fa241a1') in 0.002000334 seconds
Number of updated asset objects reloaded before import = 0Number of asset objects unloaded after import = 0

========================================================================
Received Import Request.
  Time since last request: 19.403423 seconds.
  path: Assets/Prefabs/Wall.prefab
  artifactKey: Guid(9e636f38f7ef34d31a3dc683b0e8cd83) Importer(815301076,1909f56bfc062723c751e8b465ee728b)
Start importing Assets/Prefabs/Wall.prefab using Guid(9e636f38f7ef34d31a3dc683b0e8cd83) Importer(815301076,1909f56bfc062723c751e8b465ee728b) (PreviewImporter) -> (artifact id: '6c95c5ab0a7fd794baca00986e113226') in 0.449231958 seconds
Number of updated asset objects reloaded before import = 0Number of asset objects unloaded after import = 13

========================================================================
Received Import Request.
  Time since last request: 128.434358 seconds.
  path: Assets/Prefabs/ReflectiveWallPrefab.prefab
  artifactKey: Guid(bbcff0d5a115c44bca2a8764ac6cb5b0) Importer(815301076,1909f56bfc062723c751e8b465ee728b)
Start importing Assets/Prefabs/ReflectiveWallPrefab.prefab using Guid(bbcff0d5a115c44bca2a8764ac6cb5b0) Importer(815301076,1909f56bfc062723c751e8b465ee728b) (PreviewImporter) -> (artifact id: '0740fc92c67ba89bc69bfc02102de2ed') in 0.422319084 seconds
Number of updated asset objects reloaded before import = 0Number of asset objects unloaded after import = 8

========================================================================
Received Import Request.
  Time since last request: 59.619965 seconds.
  path: Assets/Prefabs/TransparentWallPrefab.prefab
  artifactKey: Guid(dbbede147c66a4d8ca3c4d24d3df1a68) Importer(815301076,1909f56bfc062723c751e8b465ee728b)
Start importing Assets/Prefabs/TransparentWallPrefab.prefab using Guid(dbbede147c66a4d8ca3c4d24d3df1a68) Importer(815301076,1909f56bfc062723c751e8b465ee728b) (PreviewImporter) -> (artifact id: '032fe2993797a0fcdcdf6d69ae8d35ee') in 8.446331291 seconds
Number of updated asset objects reloaded before import = 0Number of asset objects unloaded after import = 8

========================================================================
Received Prepare
Begin MonoManager ReloadAssembly
Thread 0x16ba57000 may have been prematurely finalized
Leak Detected : Persistent allocates 8 individual allocations. To find out more please enable 'Settings > Jobs > Leak Detection Level > Enabled With Stack Trace' and reproduce the leak again.
- Loaded All Assemblies, in  3.147 seconds
'Packages/com.unity.render-pipelines.high-definition/Editor/Wizard/HDWizard.UIElement.cs' contains partial class of Unity.Object, exactly 1 of the partial classes needs to be in a file with the same filename. This is to know the one that can be referenced from ie. GameObjects
'Packages/com.unity.render-pipelines.high-definition/Editor/Wizard/HDWizard.Configuration.cs' contains partial class of Unity.Object, exactly 1 of the partial classes needs to be in a file with the same filename. This is to know the one that can be referenced from ie. GameObjects
'Packages/com.unity.render-pipelines.high-definition/Editor/Wizard/HDWizard.Window.cs' contains partial class of Unity.Object, exactly 1 of the partial classes needs to be in a file with the same filename. This is to know the one that can be referenced from ie. GameObjects
Refreshing native plugins compatible for Editor in 0.43 ms, found 2 plugins.
Native extension for OSXStandalone target not found
Native extension for WebGL target not found
Mono: successfully reloaded assembly
- Finished resetting the current domain, in  0.668 seconds
Domain Reload Profiling: 3821ms
	BeginReloadAssembly (2246ms)
		ExecutionOrderSort (3ms)
		DisableScriptedObjects (282ms)
		BackupInstance (0ms)
		ReleaseScriptingObjects (4ms)
		CreateAndSetChildDomain (1212ms)
	RebuildCommonClasses (36ms)
	RebuildNativeTypeToScriptingClass (11ms)
	initialDomainReloadingComplete (30ms)
	LoadAllAssembliesAndSetupDomain (828ms)
		LoadAssemblies (707ms)
		RebuildTransferFunctionScriptingTraits (0ms)
		AnalyzeDomain (418ms)
			TypeCache.Refresh (63ms)
				TypeCache.ScanAssembly (1ms)
			BuildScriptInfoCaches (336ms)
			ResolveRequiredComponents (13ms)
	FinalizeReload (670ms)
		ReleaseScriptCaches (0ms)
		RebuildScriptCaches (0ms)
		SetupLoadedEditorAssemblies (491ms)
			LogAssemblyErrors (0ms)
			InitializePlatformSupportModulesInManaged (2ms)
			SetLoadedEditorAssemblies (4ms)
			BeforeProcessingInitializeOnLoad (116ms)
			ProcessInitializeOnLoadAttributes (305ms)
			ProcessInitializeOnLoadMethodAttributes (62ms)
			AfterProcessingInitializeOnLoad (1ms)
			EditorAssembliesLoaded (1ms)
		ExecutionOrderSort2 (0ms)
		AwakeInstancesAfterBackupRestoration (15ms)
Refreshing native plugins compatible for Editor in 0.39 ms, found 2 plugins.
Preloading 0 native plugins for Editor in 0.00 ms.
Unloading 15 Unused Serialized files (Serialized files now loaded: 0)
Unloading 7084 unused Assets / (4.7 MB). Loaded Objects now: 8132.
Memory consumption went from 203.2 MB to 198.4 MB.
Total: 10.964208 ms (FindLiveObjects: 0.642125 ms CreateObjectMapping: 0.454833 ms MarkObjects: 7.666000 ms  DeleteObjects: 2.200125 ms)

Prepare: number of updated asset objects reloaded= 0
========================================================================
Received Import Request.
  Time since last request: 24904.423598 seconds.
  path: Assets/cameraFollow/Sakanfar Productions
  artifactKey: Guid(8de11e017c852914fb65fcd32815da71) Importer(815301076,1909f56bfc062723c751e8b465ee728b)
Start importing Assets/cameraFollow/Sakanfar Productions using Guid(8de11e017c852914fb65fcd32815da71) Importer(815301076,1909f56bfc062723c751e8b465ee728b) (PreviewImporter) -> (artifact id: '76d12ef97b1d60d7739da04aef8df90e') in 0.046036333 seconds
Number of updated asset objects reloaded before import = 0Number of asset objects unloaded after import = 0

========================================================================
Received Import Request.
  Time since last request: 1.236149 seconds.
  path: Assets/cameraFollow/Sakanfar Productions/Documentation.pdf
  artifactKey: Guid(13fffa0c1ab043b46bb85e33aa8a022b) Importer(815301076,1909f56bfc062723c751e8b465ee728b)
Start importing Assets/cameraFollow/Sakanfar Productions/Documentation.pdf using Guid(13fffa0c1ab043b46bb85e33aa8a022b) Importer(815301076,1909f56bfc062723c751e8b465ee728b) (PreviewImporter) -> (artifact id: '736d650f584a8de715f83d2f245313a5') in 0.061635666 seconds
Number of updated asset objects reloaded before import = 0Number of asset objects unloaded after import = 1

========================================================================
Received Import Request.
  Time since last request: 529.548562 seconds.
  path: Assets/cameraFollow/Sakanfar Productions/Scripts
  artifactKey: Guid(a2b562aae571efe4a9ca1946bc68666a) Importer(815301076,1909f56bfc062723c751e8b465ee728b)
Start importing Assets/cameraFollow/Sakanfar Productions/Scripts using Guid(a2b562aae571efe4a9ca1946bc68666a) Importer(815301076,1909f56bfc062723c751e8b465ee728b) (PreviewImporter) -> (artifact id: '66df045b5cbdeb4a3b610c3f4e1b3f49') in 0.009148208 seconds
Number of updated asset objects reloaded before import = 0Number of asset objects unloaded after import = 0

========================================================================
Received Prepare
Begin MonoManager ReloadAssembly
Thread 0x16ba57000 may have been prematurely finalized
- Loaded All Assemblies, in  1.045 seconds
'Packages/com.unity.render-pipelines.high-definition/Editor/Wizard/HDWizard.UIElement.cs' contains partial class of Unity.Object, exactly 1 of the partial classes needs to be in a file with the same filename. This is to know the one that can be referenced from ie. GameObjects
'Packages/com.unity.render-pipelines.high-definition/Editor/Wizard/HDWizard.Configuration.cs' contains partial class of Unity.Object, exactly 1 of the partial classes needs to be in a file with the same filename. This is to know the one that can be referenced from ie. GameObjects
'Packages/com.unity.render-pipelines.high-definition/Editor/Wizard/HDWizard.Window.cs' contains partial class of Unity.Object, exactly 1 of the partial classes needs to be in a file with the same filename. This is to know the one that can be referenced from ie. GameObjects
Refreshing native plugins compatible for Editor in 8.18 ms, found 2 plugins.
Native extension for OSXStandalone target not found
Native extension for WebGL target not found
Mono: successfully reloaded assembly
- Finished resetting the current domain, in  1.120 seconds
Domain Reload Profiling: 2168ms
	BeginReloadAssembly (464ms)
		ExecutionOrderSort (0ms)
		DisableScriptedObjects (32ms)
		BackupInstance (0ms)
		ReleaseScriptingObjects (2ms)
		CreateAndSetChildDomain (140ms)
	RebuildCommonClasses (33ms)
	RebuildNativeTypeToScriptingClass (10ms)
	initialDomainReloadingComplete (20ms)
	LoadAllAssembliesAndSetupDomain (521ms)
		LoadAssemblies (349ms)
		RebuildTransferFunctionScriptingTraits (0ms)
		AnalyzeDomain (278ms)
			TypeCache.Refresh (32ms)
				TypeCache.ScanAssembly (0ms)
			BuildScriptInfoCaches (232ms)
			ResolveRequiredComponents (9ms)
	FinalizeReload (1120ms)
		ReleaseScriptCaches (0ms)
		RebuildScriptCaches (0ms)
		SetupLoadedEditorAssemblies (857ms)
			LogAssemblyErrors (0ms)
			InitializePlatformSupportModulesInManaged (312ms)
			SetLoadedEditorAssemblies (7ms)
			BeforeProcessingInitializeOnLoad (126ms)
			ProcessInitializeOnLoadAttributes (350ms)
			ProcessInitializeOnLoadMethodAttributes (60ms)
			AfterProcessingInitializeOnLoad (2ms)
			EditorAssembliesLoaded (1ms)
		ExecutionOrderSort2 (0ms)
		AwakeInstancesAfterBackupRestoration (15ms)
Refreshing native plugins compatible for Editor in 0.39 ms, found 2 plugins.
Preloading 0 native plugins for Editor in 0.00 ms.
Unloading 15 Unused Serialized files (Serialized files now loaded: 0)
Unloading 7084 unused Assets / (4.4 MB). Loaded Objects now: 8134.
Memory consumption went from 201.8 MB to 197.4 MB.
Total: 21.977834 ms (FindLiveObjects: 3.513583 ms CreateObjectMapping: 1.113500 ms MarkObjects: 13.402417 ms  DeleteObjects: 3.947625 ms)

Prepare: number of updated asset objects reloaded= 0
